Archive member included to satisfy reference by file (symbol)

/usr/lib/gcc/avr/14.1.0/avr5/libgcc.a(_divmodhi4.o)
                              build/default/production/max31329.o (__divmodhi4)
/usr/lib/gcc/avr/14.1.0/avr5/libgcc.a(_exit.o)
                              /home/thebears/.mchp_packs/Microchip/ATmega_DFP/3.2.269/gcc/dev/atmega328pb/avr5/crtatmega328pb.o (exit)
/usr/lib/gcc/avr/14.1.0/avr5/libgcc.a(_copy_data.o)
                              build/default/production/uart.o (__do_copy_data)
/usr/lib/gcc/avr/14.1.0/avr5/libgcc.a(_clear_bss.o)
                              build/default/production/uart.o (__do_clear_bss)
/usr/lib/gcc/avr/14.1.0/avr5/libgcc.a(_udivmodhi4.o)
                              /usr/lib/gcc/avr/14.1.0/avr5/libgcc.a(_divmodhi4.o) (__udivmodhi4)
/usr/lib/gcc/avr/14.1.0/../../../../avr/lib/avr5/libc.a(dtostrf.o)
                              build/default/production/uart.o (dtostrf)
/usr/lib/gcc/avr/14.1.0/../../../../avr/lib/avr5/libc.a(snprintf.o)
                              build/default/production/uart.o (snprintf)
/usr/lib/gcc/avr/14.1.0/../../../../avr/lib/avr5/libc.a(vfprintf_std.o)
                              /usr/lib/gcc/avr/14.1.0/../../../../avr/lib/avr5/libc.a(snprintf.o) (vfprintf)
/usr/lib/gcc/avr/14.1.0/../../../../avr/lib/avr5/libc.a(dtoa_prf.o)
                              /usr/lib/gcc/avr/14.1.0/../../../../avr/lib/avr5/libc.a(dtostrf.o) (ftoa_prf)
/usr/lib/gcc/avr/14.1.0/../../../../avr/lib/avr5/libc.a(ftoa_engine.o)
                              /usr/lib/gcc/avr/14.1.0/../../../../avr/lib/avr5/libc.a(dtoa_prf.o) (__ftoa_engine)
/usr/lib/gcc/avr/14.1.0/../../../../avr/lib/avr5/libc.a(strnlen_P.o)
                              /usr/lib/gcc/avr/14.1.0/../../../../avr/lib/avr5/libc.a(vfprintf_std.o) (strnlen_P)
/usr/lib/gcc/avr/14.1.0/../../../../avr/lib/avr5/libc.a(strnlen.o)
                              /usr/lib/gcc/avr/14.1.0/../../../../avr/lib/avr5/libc.a(vfprintf_std.o) (strnlen)
/usr/lib/gcc/avr/14.1.0/../../../../avr/lib/avr5/libc.a(fputc.o)
                              /usr/lib/gcc/avr/14.1.0/../../../../avr/lib/avr5/libc.a(vfprintf_std.o) (fputc)
/usr/lib/gcc/avr/14.1.0/../../../../avr/lib/avr5/libc.a(ultoa_invert.o)
                              /usr/lib/gcc/avr/14.1.0/../../../../avr/lib/avr5/libc.a(vfprintf_std.o) (__ultoa_invert)
/usr/lib/gcc/avr/14.1.0/avr5/libgcc.a(_prologue.o)
                              /usr/lib/gcc/avr/14.1.0/../../../../avr/lib/avr5/libc.a(snprintf.o) (__prologue_saves__)
/usr/lib/gcc/avr/14.1.0/avr5/libgcc.a(_epilogue.o)
                              /usr/lib/gcc/avr/14.1.0/../../../../avr/lib/avr5/libc.a(snprintf.o) (__epilogue_restores__)

Discarded input sections

 .data          0x00000000        0x0 /home/thebears/.mchp_packs/Microchip/ATmega_DFP/3.2.269/gcc/dev/atmega328pb/avr5/crtatmega328pb.o
 .bss           0x00000000        0x0 /home/thebears/.mchp_packs/Microchip/ATmega_DFP/3.2.269/gcc/dev/atmega328pb/avr5/crtatmega328pb.o
 .text          0x00000000        0x0 build/default/production/uart.o
 .data          0x00000000        0x0 build/default/production/uart.o
 .bss           0x00000000        0x0 build/default/production/uart.o
 .text.uart_print_uint16
                0x00000000       0x64 build/default/production/uart.o
 .text.uart_print_float
                0x00000000       0x64 build/default/production/uart.o
 .text.bytes2hex
                0x00000000       0x6c build/default/production/uart.o
 .rodata.uart_print_hex.str1.1
                0x00000000        0x6 build/default/production/uart.o
 .text.uart_print_hex
                0x00000000       0x62 build/default/production/uart.o
 .data.HexLookUp
                0x00000000       0x11 build/default/production/uart.o
 .text          0x00000000        0x0 build/default/production/rfm69.o
 .data          0x00000000        0x0 build/default/production/rfm69.o
 .bss           0x00000000        0x0 build/default/production/rfm69.o
 .text.rfm69_set_state
                0x00000000        0xe build/default/production/rfm69.o
 .text.spi_rfm69_select
                0x00000000        0xe build/default/production/rfm69.o
 .text.spi_read_rfm69_rt
                0x00000000       0x26 build/default/production/rfm69.o
 .text.spi_write_rfm69_rt
                0x00000000       0x2c build/default/production/rfm69.o
 .text.spi_write_rfm69_multiple_rt
                0x00000000       0x58 build/default/production/rfm69.o
 .text.stuff    0x00000000      0x22c build/default/production/rfm69.o
 .bss.len_payload
                0x00000000        0x1 build/default/production/rfm69.o
 .bss.rssi      0x00000000        0x1 build/default/production/rfm69.o
 .comment       0x00000000       0x13 build/default/production/rfm69.o
 .text          0x00000000        0x0 build/default/production/main.o
 .data          0x00000000        0x0 build/default/production/main.o
 .bss           0x00000000        0x0 build/default/production/main.o
 .text.start_sleeping
                0x00000000       0x20 build/default/production/main.o
 .text          0x00000000        0x0 build/default/production/states.o
 .data          0x00000000        0x0 build/default/production/states.o
 .bss           0x00000000        0x0 build/default/production/states.o
 .text.init_spi
                0x00000000        0xe build/default/production/states.o
 .text.led_1_set_state
                0x00000000        0xe build/default/production/states.o
 .text.led_3_set_state
                0x00000000        0xe build/default/production/states.o
 .text          0x00000000        0x0 build/default/production/i2c.o
 .data          0x00000000        0x0 build/default/production/i2c.o
 .bss           0x00000000        0x0 build/default/production/i2c.o
 .text          0x00000000        0x0 build/default/production/m95128.o
 .data          0x00000000        0x0 build/default/production/m95128.o
 .bss           0x00000000        0x0 build/default/production/m95128.o
 .text.spi_eeprom_select
                0x00000000        0xe build/default/production/m95128.o
 .comment       0x00000000       0x13 build/default/production/m95128.o
 .text          0x00000000        0x0 build/default/production/spi.o
 .data          0x00000000        0x0 build/default/production/spi.o
 .bss           0x00000000        0x0 build/default/production/spi.o
 .text.spi_write
                0x00000000       0x14 build/default/production/spi.o
 .text.spi_read
                0x00000000        0x8 build/default/production/spi.o
 .comment       0x00000000       0x13 build/default/production/spi.o
 .text          0x00000000        0x0 build/default/production/st25dv.o
 .data          0x00000000        0x0 build/default/production/st25dv.o
 .bss           0x00000000        0x0 build/default/production/st25dv.o
 .text.rfid_set_i2c_power
                0x00000000        0xe build/default/production/st25dv.o
 .text          0x00000000        0x0 build/default/production/interrupts.o
 .data          0x00000000        0x0 build/default/production/interrupts.o
 .bss           0x00000000        0x0 build/default/production/interrupts.o
 .text          0x00000000        0x0 build/default/production/max31329.o
 .data          0x00000000        0x0 build/default/production/max31329.o
 .bss           0x00000000        0x0 build/default/production/max31329.o
 .text          0x00000000        0x0 /usr/lib/gcc/avr/14.1.0/avr5/libgcc.a(_divmodhi4.o)
 .data          0x00000000        0x0 /usr/lib/gcc/avr/14.1.0/avr5/libgcc.a(_divmodhi4.o)
 .bss           0x00000000        0x0 /usr/lib/gcc/avr/14.1.0/avr5/libgcc.a(_divmodhi4.o)
 .text.libgcc.mul
                0x00000000        0x0 /usr/lib/gcc/avr/14.1.0/avr5/libgcc.a(_divmodhi4.o)
 .text.libgcc   0x00000000        0x0 /usr/lib/gcc/avr/14.1.0/avr5/libgcc.a(_divmodhi4.o)
 .text.libgcc.prologue
                0x00000000        0x0 /usr/lib/gcc/avr/14.1.0/avr5/libgcc.a(_divmodhi4.o)
 .text.libgcc.builtins
                0x00000000        0x0 /usr/lib/gcc/avr/14.1.0/avr5/libgcc.a(_divmodhi4.o)
 .text.libgcc.fmul
                0x00000000        0x0 /usr/lib/gcc/avr/14.1.0/avr5/libgcc.a(_divmodhi4.o)
 .text.libgcc.fixed
                0x00000000        0x0 /usr/lib/gcc/avr/14.1.0/avr5/libgcc.a(_divmodhi4.o)
 .text          0x00000000        0x0 /usr/lib/gcc/avr/14.1.0/avr5/libgcc.a(_exit.o)
 .data          0x00000000        0x0 /usr/lib/gcc/avr/14.1.0/avr5/libgcc.a(_exit.o)
 .bss           0x00000000        0x0 /usr/lib/gcc/avr/14.1.0/avr5/libgcc.a(_exit.o)
 .text.libgcc.mul
                0x00000000        0x0 /usr/lib/gcc/avr/14.1.0/avr5/libgcc.a(_exit.o)
 .text.libgcc.div
                0x00000000        0x0 /usr/lib/gcc/avr/14.1.0/avr5/libgcc.a(_exit.o)
 .text.libgcc   0x00000000        0x0 /usr/lib/gcc/avr/14.1.0/avr5/libgcc.a(_exit.o)
 .text.libgcc.prologue
                0x00000000        0x0 /usr/lib/gcc/avr/14.1.0/avr5/libgcc.a(_exit.o)
 .text.libgcc.builtins
                0x00000000        0x0 /usr/lib/gcc/avr/14.1.0/avr5/libgcc.a(_exit.o)
 .text.libgcc.fmul
                0x00000000        0x0 /usr/lib/gcc/avr/14.1.0/avr5/libgcc.a(_exit.o)
 .text.libgcc.fixed
                0x00000000        0x0 /usr/lib/gcc/avr/14.1.0/avr5/libgcc.a(_exit.o)
 .text          0x00000000        0x0 /usr/lib/gcc/avr/14.1.0/avr5/libgcc.a(_copy_data.o)
 .data          0x00000000        0x0 /usr/lib/gcc/avr/14.1.0/avr5/libgcc.a(_copy_data.o)
 .bss           0x00000000        0x0 /usr/lib/gcc/avr/14.1.0/avr5/libgcc.a(_copy_data.o)
 .text.libgcc.mul
                0x00000000        0x0 /usr/lib/gcc/avr/14.1.0/avr5/libgcc.a(_copy_data.o)
 .text.libgcc.div
                0x00000000        0x0 /usr/lib/gcc/avr/14.1.0/avr5/libgcc.a(_copy_data.o)
 .text.libgcc   0x00000000        0x0 /usr/lib/gcc/avr/14.1.0/avr5/libgcc.a(_copy_data.o)
 .text.libgcc.prologue
                0x00000000        0x0 /usr/lib/gcc/avr/14.1.0/avr5/libgcc.a(_copy_data.o)
 .text.libgcc.builtins
                0x00000000        0x0 /usr/lib/gcc/avr/14.1.0/avr5/libgcc.a(_copy_data.o)
 .text.libgcc.fmul
                0x00000000        0x0 /usr/lib/gcc/avr/14.1.0/avr5/libgcc.a(_copy_data.o)
 .text.libgcc.fixed
                0x00000000        0x0 /usr/lib/gcc/avr/14.1.0/avr5/libgcc.a(_copy_data.o)
 .text          0x00000000        0x0 /usr/lib/gcc/avr/14.1.0/avr5/libgcc.a(_clear_bss.o)
 .data          0x00000000        0x0 /usr/lib/gcc/avr/14.1.0/avr5/libgcc.a(_clear_bss.o)
 .bss           0x00000000        0x0 /usr/lib/gcc/avr/14.1.0/avr5/libgcc.a(_clear_bss.o)
 .text.libgcc.mul
                0x00000000        0x0 /usr/lib/gcc/avr/14.1.0/avr5/libgcc.a(_clear_bss.o)
 .text.libgcc.div
                0x00000000        0x0 /usr/lib/gcc/avr/14.1.0/avr5/libgcc.a(_clear_bss.o)
 .text.libgcc   0x00000000        0x0 /usr/lib/gcc/avr/14.1.0/avr5/libgcc.a(_clear_bss.o)
 .text.libgcc.prologue
                0x00000000        0x0 /usr/lib/gcc/avr/14.1.0/avr5/libgcc.a(_clear_bss.o)
 .text.libgcc.builtins
                0x00000000        0x0 /usr/lib/gcc/avr/14.1.0/avr5/libgcc.a(_clear_bss.o)
 .text.libgcc.fmul
                0x00000000        0x0 /usr/lib/gcc/avr/14.1.0/avr5/libgcc.a(_clear_bss.o)
 .text.libgcc.fixed
                0x00000000        0x0 /usr/lib/gcc/avr/14.1.0/avr5/libgcc.a(_clear_bss.o)
 .text          0x00000000        0x0 /usr/lib/gcc/avr/14.1.0/avr5/libgcc.a(_udivmodhi4.o)
 .data          0x00000000        0x0 /usr/lib/gcc/avr/14.1.0/avr5/libgcc.a(_udivmodhi4.o)
 .bss           0x00000000        0x0 /usr/lib/gcc/avr/14.1.0/avr5/libgcc.a(_udivmodhi4.o)
 .text.libgcc.mul
                0x00000000        0x0 /usr/lib/gcc/avr/14.1.0/avr5/libgcc.a(_udivmodhi4.o)
 .text.libgcc   0x00000000        0x0 /usr/lib/gcc/avr/14.1.0/avr5/libgcc.a(_udivmodhi4.o)
 .text.libgcc.prologue
                0x00000000        0x0 /usr/lib/gcc/avr/14.1.0/avr5/libgcc.a(_udivmodhi4.o)
 .text.libgcc.builtins
                0x00000000        0x0 /usr/lib/gcc/avr/14.1.0/avr5/libgcc.a(_udivmodhi4.o)
 .text.libgcc.fmul
                0x00000000        0x0 /usr/lib/gcc/avr/14.1.0/avr5/libgcc.a(_udivmodhi4.o)
 .text.libgcc.fixed
                0x00000000        0x0 /usr/lib/gcc/avr/14.1.0/avr5/libgcc.a(_udivmodhi4.o)
 .text          0x00000000        0x0 /usr/lib/gcc/avr/14.1.0/../../../../avr/lib/avr5/libc.a(dtostrf.o)
 .data          0x00000000        0x0 /usr/lib/gcc/avr/14.1.0/../../../../avr/lib/avr5/libc.a(dtostrf.o)
 .bss           0x00000000        0x0 /usr/lib/gcc/avr/14.1.0/../../../../avr/lib/avr5/libc.a(dtostrf.o)
 .text.avr-libc
                0x00000000       0x4a /usr/lib/gcc/avr/14.1.0/../../../../avr/lib/avr5/libc.a(dtostrf.o)
 .comment       0x00000000       0x13 /usr/lib/gcc/avr/14.1.0/../../../../avr/lib/avr5/libc.a(dtostrf.o)
 .text          0x00000000        0x0 /usr/lib/gcc/avr/14.1.0/../../../../avr/lib/avr5/libc.a(snprintf.o)
 .data          0x00000000        0x0 /usr/lib/gcc/avr/14.1.0/../../../../avr/lib/avr5/libc.a(snprintf.o)
 .bss           0x00000000        0x0 /usr/lib/gcc/avr/14.1.0/../../../../avr/lib/avr5/libc.a(snprintf.o)
 .text          0x00000000        0x0 /usr/lib/gcc/avr/14.1.0/../../../../avr/lib/avr5/libc.a(vfprintf_std.o)
 .data          0x00000000        0x0 /usr/lib/gcc/avr/14.1.0/../../../../avr/lib/avr5/libc.a(vfprintf_std.o)
 .bss           0x00000000        0x0 /usr/lib/gcc/avr/14.1.0/../../../../avr/lib/avr5/libc.a(vfprintf_std.o)
 .text          0x00000000        0x0 /usr/lib/gcc/avr/14.1.0/../../../../avr/lib/avr5/libc.a(dtoa_prf.o)
 .data          0x00000000        0x0 /usr/lib/gcc/avr/14.1.0/../../../../avr/lib/avr5/libc.a(dtoa_prf.o)
 .bss           0x00000000        0x0 /usr/lib/gcc/avr/14.1.0/../../../../avr/lib/avr5/libc.a(dtoa_prf.o)
 .text.avr-libc
                0x00000000      0x2c4 /usr/lib/gcc/avr/14.1.0/../../../../avr/lib/avr5/libc.a(dtoa_prf.o)
 .comment       0x00000000       0x13 /usr/lib/gcc/avr/14.1.0/../../../../avr/lib/avr5/libc.a(dtoa_prf.o)
 .text          0x00000000        0x0 /usr/lib/gcc/avr/14.1.0/../../../../avr/lib/avr5/libc.a(ftoa_engine.o)
 .data          0x00000000        0x0 /usr/lib/gcc/avr/14.1.0/../../../../avr/lib/avr5/libc.a(ftoa_engine.o)
 .bss           0x00000000        0x0 /usr/lib/gcc/avr/14.1.0/../../../../avr/lib/avr5/libc.a(ftoa_engine.o)
 .text.avr-libc
                0x00000000      0x1b0 /usr/lib/gcc/avr/14.1.0/../../../../avr/lib/avr5/libc.a(ftoa_engine.o)
 .progmemx.data.ftoa_engine
                0x00000000       0xfa /usr/lib/gcc/avr/14.1.0/../../../../avr/lib/avr5/libc.a(ftoa_engine.o)
 .text          0x00000000        0x0 /usr/lib/gcc/avr/14.1.0/../../../../avr/lib/avr5/libc.a(strnlen_P.o)
 .data          0x00000000        0x0 /usr/lib/gcc/avr/14.1.0/../../../../avr/lib/avr5/libc.a(strnlen_P.o)
 .bss           0x00000000        0x0 /usr/lib/gcc/avr/14.1.0/../../../../avr/lib/avr5/libc.a(strnlen_P.o)
 .text          0x00000000        0x0 /usr/lib/gcc/avr/14.1.0/../../../../avr/lib/avr5/libc.a(strnlen.o)
 .data          0x00000000        0x0 /usr/lib/gcc/avr/14.1.0/../../../../avr/lib/avr5/libc.a(strnlen.o)
 .bss           0x00000000        0x0 /usr/lib/gcc/avr/14.1.0/../../../../avr/lib/avr5/libc.a(strnlen.o)
 .text          0x00000000        0x0 /usr/lib/gcc/avr/14.1.0/../../../../avr/lib/avr5/libc.a(fputc.o)
 .data          0x00000000        0x0 /usr/lib/gcc/avr/14.1.0/../../../../avr/lib/avr5/libc.a(fputc.o)
 .bss           0x00000000        0x0 /usr/lib/gcc/avr/14.1.0/../../../../avr/lib/avr5/libc.a(fputc.o)
 .text          0x00000000        0x0 /usr/lib/gcc/avr/14.1.0/../../../../avr/lib/avr5/libc.a(ultoa_invert.o)
 .data          0x00000000        0x0 /usr/lib/gcc/avr/14.1.0/../../../../avr/lib/avr5/libc.a(ultoa_invert.o)
 .bss           0x00000000        0x0 /usr/lib/gcc/avr/14.1.0/../../../../avr/lib/avr5/libc.a(ultoa_invert.o)
 .text          0x00000000        0x0 /usr/lib/gcc/avr/14.1.0/avr5/libgcc.a(_prologue.o)
 .data          0x00000000        0x0 /usr/lib/gcc/avr/14.1.0/avr5/libgcc.a(_prologue.o)
 .bss           0x00000000        0x0 /usr/lib/gcc/avr/14.1.0/avr5/libgcc.a(_prologue.o)
 .text.libgcc.mul
                0x00000000        0x0 /usr/lib/gcc/avr/14.1.0/avr5/libgcc.a(_prologue.o)
 .text.libgcc.div
                0x00000000        0x0 /usr/lib/gcc/avr/14.1.0/avr5/libgcc.a(_prologue.o)
 .text.libgcc   0x00000000        0x0 /usr/lib/gcc/avr/14.1.0/avr5/libgcc.a(_prologue.o)
 .text.libgcc.builtins
                0x00000000        0x0 /usr/lib/gcc/avr/14.1.0/avr5/libgcc.a(_prologue.o)
 .text.libgcc.fmul
                0x00000000        0x0 /usr/lib/gcc/avr/14.1.0/avr5/libgcc.a(_prologue.o)
 .text.libgcc.fixed
                0x00000000        0x0 /usr/lib/gcc/avr/14.1.0/avr5/libgcc.a(_prologue.o)
 .text          0x00000000        0x0 /usr/lib/gcc/avr/14.1.0/avr5/libgcc.a(_epilogue.o)
 .data          0x00000000        0x0 /usr/lib/gcc/avr/14.1.0/avr5/libgcc.a(_epilogue.o)
 .bss           0x00000000        0x0 /usr/lib/gcc/avr/14.1.0/avr5/libgcc.a(_epilogue.o)
 .text.libgcc.mul
                0x00000000        0x0 /usr/lib/gcc/avr/14.1.0/avr5/libgcc.a(_epilogue.o)
 .text.libgcc.div
                0x00000000        0x0 /usr/lib/gcc/avr/14.1.0/avr5/libgcc.a(_epilogue.o)
 .text.libgcc   0x00000000        0x0 /usr/lib/gcc/avr/14.1.0/avr5/libgcc.a(_epilogue.o)
 .text.libgcc.builtins
                0x00000000        0x0 /usr/lib/gcc/avr/14.1.0/avr5/libgcc.a(_epilogue.o)
 .text.libgcc.fmul
                0x00000000        0x0 /usr/lib/gcc/avr/14.1.0/avr5/libgcc.a(_epilogue.o)
 .text.libgcc.fixed
                0x00000000        0x0 /usr/lib/gcc/avr/14.1.0/avr5/libgcc.a(_epilogue.o)

Memory Configuration

Name             Origin             Length             Attributes
text             0x00000000         0x00008000         xr
data             0x00800100         0x00000800         rw!x
eeprom           0x00810000         0x00000400         rw!x
fuse             0x00820000         0x00000003         rw!x
lock             0x00830000         0x00000400         rw!x
signature        0x00840000         0x00000400         rw!x
user_signatures  0x00850000         0x00000400         rw!x
*default*        0x00000000         0xffffffff

Linker script and memory map

Address of section .data set to 0x800100
LOAD /home/thebears/.mchp_packs/Microchip/ATmega_DFP/3.2.269/gcc/dev/atmega328pb/avr5/crtatmega328pb.o
LOAD build/default/production/uart.o
LOAD build/default/production/rfm69.o
LOAD build/default/production/main.o
LOAD build/default/production/states.o
LOAD build/default/production/i2c.o
LOAD build/default/production/m95128.o
LOAD build/default/production/spi.o
LOAD build/default/production/st25dv.o
LOAD build/default/production/interrupts.o
LOAD build/default/production/max31329.o
                0x00000001                        __MPLAB_BUILD = 0x1
START GROUP
LOAD /usr/lib/gcc/avr/14.1.0/../../../../avr/lib/avr5/libm.a
END GROUP
START GROUP
LOAD /usr/lib/gcc/avr/14.1.0/avr5/libgcc.a
LOAD /usr/lib/gcc/avr/14.1.0/../../../../avr/lib/avr5/libm.a
LOAD /usr/lib/gcc/avr/14.1.0/../../../../avr/lib/avr5/libc.a
LOAD /home/thebears/.mchp_packs/Microchip/ATmega_DFP/3.2.269/gcc/dev/atmega328pb/avr5/libatmega328pb.a
END GROUP
                [0x00000000]                      __TEXT_REGION_ORIGIN__ = DEFINED (__TEXT_REGION_ORIGIN__)?__TEXT_REGION_ORIGIN__:0x0
                [0x00008000]                      __TEXT_REGION_LENGTH__ = DEFINED (__TEXT_REGION_LENGTH__)?__TEXT_REGION_LENGTH__:0x20000
                [0x00800100]                      __DATA_REGION_ORIGIN__ = DEFINED (__DATA_REGION_ORIGIN__)?__DATA_REGION_ORIGIN__:0x800060
                [0x00000800]                      __DATA_REGION_LENGTH__ = DEFINED (__DATA_REGION_LENGTH__)?__DATA_REGION_LENGTH__:0xffa0
                [0x00000400]                      __EEPROM_REGION_LENGTH__ = DEFINED (__EEPROM_REGION_LENGTH__)?__EEPROM_REGION_LENGTH__:0x10000
                [0x00000003]                      __FUSE_REGION_LENGTH__ = DEFINED (__FUSE_REGION_LENGTH__)?__FUSE_REGION_LENGTH__:0x400
                0x00000400                        __LOCK_REGION_LENGTH__ = DEFINED (__LOCK_REGION_LENGTH__)?__LOCK_REGION_LENGTH__:0x400
                0x00000400                        __SIGNATURE_REGION_LENGTH__ = DEFINED (__SIGNATURE_REGION_LENGTH__)?__SIGNATURE_REGION_LENGTH__:0x400
                0x00000400                        __USER_SIGNATURE_REGION_LENGTH__ = DEFINED (__USER_SIGNATURE_REGION_LENGTH__)?__USER_SIGNATURE_REGION_LENGTH__:0x400

.hash
 *(.hash)

.dynsym
 *(.dynsym)

.dynstr
 *(.dynstr)

.gnu.version
 *(.gnu.version)

.gnu.version_d
 *(.gnu.version_d)

.gnu.version_r
 *(.gnu.version_r)

.rel.init
 *(.rel.init)

.rela.init
 *(.rela.init)

.rel.text
 *(.rel.text)
 *(.rel.text.*)
 *(.rel.gnu.linkonce.t*)

.rela.text
 *(.rela.text)
 *(.rela.text.*)
 *(.rela.gnu.linkonce.t*)

.rel.fini
 *(.rel.fini)

.rela.fini
 *(.rela.fini)

.rel.rodata
 *(.rel.rodata)
 *(.rel.rodata.*)
 *(.rel.gnu.linkonce.r*)

.rela.rodata
 *(.rela.rodata)
 *(.rela.rodata.*)
 *(.rela.gnu.linkonce.r*)

.rel.data
 *(.rel.data)
 *(.rel.data.*)
 *(.rel.gnu.linkonce.d*)

.rela.data
 *(.rela.data)
 *(.rela.data.*)
 *(.rela.gnu.linkonce.d*)

.rel.ctors
 *(.rel.ctors)

.rela.ctors
 *(.rela.ctors)

.rel.dtors
 *(.rel.dtors)

.rela.dtors
 *(.rela.dtors)

.rel.got
 *(.rel.got)

.rela.got
 *(.rela.got)

.rel.bss
 *(.rel.bss)

.rela.bss
 *(.rela.bss)

.rel.plt
 *(.rel.plt)

.rela.plt
 *(.rela.plt)

.text           0x00000000      0xdfe
 *(.vectors)
 .vectors       0x00000000       0xb4 /home/thebears/.mchp_packs/Microchip/ATmega_DFP/3.2.269/gcc/dev/atmega328pb/avr5/crtatmega328pb.o
                0x00000000                __vectors
                0x00000000                __vector_default
 *(.vectors)
 *(.progmem.gcc*)
                0x000000b4                        . = ALIGN (0x2)
                0x000000b4                        __trampolines_start = .
 *(.trampolines)
 .trampolines   0x000000b4        0x0 linker stubs
 *(.trampolines*)
                0x000000b4                        __trampolines_end = .
 *libprintf_flt.a:*(.progmem.data)
 *libc.a:*(.progmem.data)
 *(.progmem.*)
                0x000000b4                        . = ALIGN (0x2)
 *(.lowtext)
 *(.lowtext*)
                0x000000b4                        __ctors_start = .
 *(.ctors)
                0x000000b4                        __ctors_end = .
                0x000000b4                        __dtors_start = .
 *(.dtors)
                0x000000b4                        __dtors_end = .
 SORT_BY_NAME(*)(.ctors)
 SORT_BY_NAME(*)(.dtors)
 *(.init0)
 .init0         0x000000b4        0x0 /home/thebears/.mchp_packs/Microchip/ATmega_DFP/3.2.269/gcc/dev/atmega328pb/avr5/crtatmega328pb.o
                0x000000b4                __init
 *(.init0)
 *(.init1)
 *(.init1)
 *(.init2)
 .init2         0x000000b4        0xc /home/thebears/.mchp_packs/Microchip/ATmega_DFP/3.2.269/gcc/dev/atmega328pb/avr5/crtatmega328pb.o
 *(.init2)
 *(.init3)
 *(.init3)
 *(.init4)
 .init4         0x000000c0       0x16 /usr/lib/gcc/avr/14.1.0/avr5/libgcc.a(_copy_data.o)
                0x000000c0                __do_copy_data
 .init4         0x000000d6       0x10 /usr/lib/gcc/avr/14.1.0/avr5/libgcc.a(_clear_bss.o)
                0x000000d6                __do_clear_bss
 *(.init4)
 *(.init5)
 *(.init5)
 *(.init6)
 *(.init6)
 *(.init7)
 *(.init7)
 *(.init8)
 *(.init8)
 *(.init9)
 .init9         0x000000e6        0x8 /home/thebears/.mchp_packs/Microchip/ATmega_DFP/3.2.269/gcc/dev/atmega328pb/avr5/crtatmega328pb.o
 *(.init9)
 *(.text)
 .text          0x000000ee        0x4 /home/thebears/.mchp_packs/Microchip/ATmega_DFP/3.2.269/gcc/dev/atmega328pb/avr5/crtatmega328pb.o
                0x000000ee                __vector_38
                0x000000ee                __vector_22
                0x000000ee                __vector_28
                0x000000ee                __vector_1
                0x000000ee                __vector_32
                0x000000ee                __vector_34
                0x000000ee                __vector_24
                0x000000ee                __vector_12
                0x000000ee                __bad_interrupt
                0x000000ee                __vector_6
                0x000000ee                __vector_31
                0x000000ee                __vector_35
                0x000000ee                __vector_39
                0x000000ee                __vector_3
                0x000000ee                __vector_23
                0x000000ee                __vector_30
                0x000000ee                __vector_25
                0x000000ee                __vector_11
                0x000000ee                __vector_13
                0x000000ee                __vector_17
                0x000000ee                __vector_19
                0x000000ee                __vector_7
                0x000000ee                __vector_41
                0x000000ee                __vector_43
                0x000000ee                __vector_27
                0x000000ee                __vector_5
                0x000000ee                __vector_33
                0x000000ee                __vector_37
                0x000000ee                __vector_4
                0x000000ee                __vector_44
                0x000000ee                __vector_9
                0x000000ee                __vector_21
                0x000000ee                __vector_15
                0x000000ee                __vector_36
                0x000000ee                __vector_29
                0x000000ee                __vector_40
                0x000000ee                __vector_8
                0x000000ee                __vector_26
                0x000000ee                __vector_14
                0x000000ee                __vector_10
                0x000000ee                __vector_18
                0x000000ee                __vector_20
                0x000000ee                __vector_42
                0x000000f2                        . = ALIGN (0x2)
 *(.text.*)
 .text.uart_init
                0x000000f2       0x18 build/default/production/uart.o
                0x000000f2                uart_init
 .text.uart_sendChar
                0x0000010a       0x10 build/default/production/uart.o
                0x0000010a                uart_sendChar
 .text.uart_sendString
                0x0000011a       0x20 build/default/production/uart.o
                0x0000011a                uart_sendString
 .text.uart_print_binary
                0x0000013a       0x6e build/default/production/uart.o
                0x0000013a                uart_print_binary
 .text.uart_print_uint8
                0x000001a8       0x6a build/default/production/uart.o
                0x000001a8                uart_print_uint8
 .text.__vector_2
                0x00000212       0x6a build/default/production/main.o
                0x00000212                __vector_2
 .text.__vector_16
                0x0000027c       0x14 build/default/production/main.o
                0x0000027c                __vector_16
 .text.main     0x00000290       0xdc build/default/production/main.o
                0x00000290                main
 .text.led_2_set_state
                0x0000036c        0xe build/default/production/states.o
                0x0000036c                led_2_set_state
 .text.ldo_set_state
                0x0000037a        0xe build/default/production/states.o
                0x0000037a                ldo_set_state
 .text.i2c_init
                0x00000388       0x12 build/default/production/i2c.o
                0x00000388                i2c_init
 .text.i2c_start
                0x0000039a       0x3e build/default/production/i2c.o
                0x0000039a                i2c_start
 .text.i2c_stop
                0x000003d8       0x12 build/default/production/i2c.o
                0x000003d8                i2c_stop
 .text.i2c_read_ack
                0x000003ea       0x16 build/default/production/i2c.o
                0x000003ea                i2c_read_ack
 .text.i2c_write
                0x00000400       0x26 build/default/production/i2c.o
                0x00000400                i2c_write
 .text.i2c_read_nack
                0x00000426       0x16 build/default/production/i2c.o
                0x00000426                i2c_read_nack
 .text.rfid_set_low_power_down
                0x0000043c        0xe build/default/production/st25dv.o
                0x0000043c                rfid_set_low_power_down
 .text.init_pins
                0x0000044a        0x6 build/default/production/interrupts.o
                0x0000044a                init_pins
 .text.set_up_reed_interrupt
                0x00000450       0x14 build/default/production/interrupts.o
                0x00000450                set_up_reed_interrupt
 .text.set_debounce_timer_interrupt
                0x00000464       0x10 build/default/production/interrupts.o
                0x00000464                set_debounce_timer_interrupt
 .text.rtc_set_per_minute_alarm
                0x00000474       0x34 build/default/production/max31329.o
                0x00000474                rtc_set_per_minute_alarm
 .text.rtc_read_register
                0x000004a8       0x3a build/default/production/max31329.o
                0x000004a8                rtc_read_register
 .text.rtc_read_status_register
                0x000004e2        0x8 build/default/production/max31329.o
                0x000004e2                rtc_read_status_register
 .text.rtc_read_interrupt_register
                0x000004ea        0x8 build/default/production/max31329.o
                0x000004ea                rtc_read_interrupt_register
 .text.rtc_set_alarm_config
                0x000004f2       0x28 build/default/production/max31329.o
                0x000004f2                rtc_set_alarm_config
 .text.rtc_enable_interrupts
                0x0000051a       0x28 build/default/production/max31329.o
                0x0000051a                rtc_enable_interrupts
 .text.rtc_read_time_array
                0x00000542       0x6e build/default/production/max31329.o
                0x00000542                rtc_read_time_array
 .text.rtc_read_time
                0x000005b0       0xf0 build/default/production/max31329.o
                0x000005b0                rtc_read_time
 .text.rtc_write_time
                0x000006a0      0x118 build/default/production/max31329.o
                0x000006a0                rtc_write_time
 .text.libgcc.div
                0x000007b8       0x28 /usr/lib/gcc/avr/14.1.0/avr5/libgcc.a(_divmodhi4.o)
                0x000007b8                __divmodhi4
                0x000007b8                _div
 .text.libgcc.div
                0x000007e0       0x28 /usr/lib/gcc/avr/14.1.0/avr5/libgcc.a(_udivmodhi4.o)
                0x000007e0                __udivmodhi4
 .text.avr-libc
                0x00000808       0x64 /usr/lib/gcc/avr/14.1.0/../../../../avr/lib/avr5/libc.a(snprintf.o)
                0x00000808                snprintf
 .text.avr-libc
                0x0000086c      0x3d8 /usr/lib/gcc/avr/14.1.0/../../../../avr/lib/avr5/libc.a(vfprintf_std.o)
                0x0000086c                vfprintf
 .text.avr-libc
                0x00000c44       0x16 /usr/lib/gcc/avr/14.1.0/../../../../avr/lib/avr5/libc.a(strnlen_P.o)
                0x00000c44                strnlen_P
 .text.avr-libc
                0x00000c5a       0x16 /usr/lib/gcc/avr/14.1.0/../../../../avr/lib/avr5/libc.a(strnlen.o)
                0x00000c5a                strnlen
 .text.avr-libc
                0x00000c70       0x60 /usr/lib/gcc/avr/14.1.0/../../../../avr/lib/avr5/libc.a(fputc.o)
                0x00000c70                fputc
 .text.avr-libc
                0x00000cd0       0xbc /usr/lib/gcc/avr/14.1.0/../../../../avr/lib/avr5/libc.a(ultoa_invert.o)
                0x00000cd0                __ultoa_invert
 .text.libgcc.prologue
                0x00000d8c       0x38 /usr/lib/gcc/avr/14.1.0/avr5/libgcc.a(_prologue.o)
                0x00000d8c                __prologue_saves__
 .text.libgcc.prologue
                0x00000dc4       0x36 /usr/lib/gcc/avr/14.1.0/avr5/libgcc.a(_epilogue.o)
                0x00000dc4                __epilogue_restores__
                0x00000dfa                        . = ALIGN (0x2)
 *(.fini9)
 .fini9         0x00000dfa        0x0 /usr/lib/gcc/avr/14.1.0/avr5/libgcc.a(_exit.o)
                0x00000dfa                exit
                0x00000dfa                _exit
 *(.fini9)
 *(.fini8)
 *(.fini8)
 *(.fini7)
 *(.fini7)
 *(.fini6)
 *(.fini6)
 *(.fini5)
 *(.fini5)
 *(.fini4)
 *(.fini4)
 *(.fini3)
 *(.fini3)
 *(.fini2)
 *(.fini2)
 *(.fini1)
 *(.fini1)
 *(.fini0)
 .fini0         0x00000dfa        0x4 /usr/lib/gcc/avr/14.1.0/avr5/libgcc.a(_exit.o)
 *(.fini0)
 *(.hightext)
 *(.hightext*)
 *(.progmemx.*)
                0x00000dfe                        . = ALIGN (0x2)
 *(.jumptables)
 *(.jumptables*)
                0x00000dfe                        _etext = .

.data           0x00800100       0x3e load address 0x00000dfe
                0x00800100                        PROVIDE (__data_start = .)
 *(.data)
 *(.data*)
 *(.gnu.linkonce.d*)
 *(.rodata)
 *(.rodata*)
 .rodata.uart_print_uint16.str1.1
                0x00800100       0x3e build/default/production/uart.o
                                  0xf (size before relaxing)
 .rodata.uart_print_uint8.str1.1
                0x0080013e        0x2 build/default/production/uart.o
 .rodata.__vector_2.str1.1
                0x0080013e        0x8 build/default/production/main.o
 .rodata.main.str1.1
                0x0080013e       0x2e build/default/production/main.o
 *(.gnu.linkonce.r*)
                0x0080016c                        . = ALIGN (0x2)
                0x0080013e                        _edata = .
                0x0080013e                        PROVIDE (__data_end = .)

.bss            0x0080013e       0x2f
                0x0080013e                        PROVIDE (__bss_start = .)
 *(.bss)
 *(.bss*)
 .bss.binary_string
                0x0080013e        0x9 build/default/production/uart.o
                0x0080013e                binary_string
 .bss.array_internal
                0x00800147       0x10 build/default/production/uart.o
                0x00800147                array_internal
 .bss.debounce_flag
                0x00800157        0x1 build/default/production/main.o
                0x00800157                debounce_flag
 .bss.td        0x00800158        0x7 build/default/production/main.o
                0x00800158                td
 .bss.time_data
                0x0080015f        0x7 build/default/production/max31329.o
                0x0080015f                time_data
 .bss.data      0x00800166        0x7 build/default/production/max31329.o
                0x00800166                data
 *(COMMON)
                0x0080016d                        PROVIDE (__bss_end = .)
                0x00000dfe                        __data_load_start = LOADADDR (.data)
                0x00000e3c                        __data_load_end = (__data_load_start + SIZEOF (.data))

.noinit         0x0080016d        0x0
                [!provide]                        PROVIDE (__noinit_start = .)
 *(.noinit .noinit.* .gnu.linkonce.n.*)
                [!provide]                        PROVIDE (__noinit_end = .)
                0x0080016d                        _end = .
                [!provide]                        PROVIDE (__heap_start = .)
                0x00000000                        __flmap_init_label = DEFINED (__flmap_noinit_start)?__flmap_noinit_start:0x0
                0x00000000                        __flmap = DEFINED (__flmap)?__flmap:0x0

.eeprom         0x00810000        0x0
 *(.eeprom*)
                0x00810000                        __eeprom_end = .

.fuse
 *(.fuse)
 *(.lfuse)
 *(.hfuse)
 *(.efuse)

.lock
 *(.lock*)

.signature
 *(.signature*)

.stab
 *(.stab)

.stabstr
 *(.stabstr)

.stab.excl
 *(.stab.excl)

.stab.exclstr
 *(.stab.exclstr)

.stab.index
 *(.stab.index)

.stab.indexstr
 *(.stab.indexstr)

.comment        0x00000000       0x12
 *(.comment)
 .comment       0x00000000       0x12 build/default/production/uart.o
                                 0x13 (size before relaxing)
 .comment       0x00000012       0x13 build/default/production/main.o
 .comment       0x00000012       0x13 build/default/production/states.o
 .comment       0x00000012       0x13 build/default/production/i2c.o
 .comment       0x00000012       0x13 build/default/production/st25dv.o
 .comment       0x00000012       0x13 build/default/production/interrupts.o
 .comment       0x00000012       0x13 build/default/production/max31329.o
 .comment       0x00000012       0x13 /usr/lib/gcc/avr/14.1.0/../../../../avr/lib/avr5/libc.a(snprintf.o)
 .comment       0x00000012       0x13 /usr/lib/gcc/avr/14.1.0/../../../../avr/lib/avr5/libc.a(vfprintf_std.o)
 .comment       0x00000012       0x13 /usr/lib/gcc/avr/14.1.0/../../../../avr/lib/avr5/libc.a(fputc.o)

.note.gnu.avr.deviceinfo
                0x00000000       0x40
 .note.gnu.avr.deviceinfo
                0x00000000       0x40 /home/thebears/.mchp_packs/Microchip/ATmega_DFP/3.2.269/gcc/dev/atmega328pb/avr5/crtatmega328pb.o

.gnu.build.attributes
 *(.gnu.build.attributes .gnu.build.attributes.*)

.note.gnu.build-id
 *(.note.gnu.build-id)

.debug
 *(.debug)

.line
 *(.line)

.debug_srcinfo
 *(.debug_srcinfo)

.debug_sfnames
 *(.debug_sfnames)

.debug_aranges
 *(.debug_aranges)

.debug_pubnames
 *(.debug_pubnames)

.debug_info     0x00000000      0x8ea
 *(.debug_info .gnu.linkonce.wi.*)
 .debug_info    0x00000000      0x8ea /home/thebears/.mchp_packs/Microchip/ATmega_DFP/3.2.269/gcc/dev/atmega328pb/avr5/crtatmega328pb.o

.debug_abbrev   0x00000000      0x86e
 *(.debug_abbrev)
 .debug_abbrev  0x00000000      0x86e /home/thebears/.mchp_packs/Microchip/ATmega_DFP/3.2.269/gcc/dev/atmega328pb/avr5/crtatmega328pb.o

.debug_line     0x00000000      0x1a6
 *(.debug_line .debug_line.* .debug_line_end)
 .debug_line    0x00000000      0x1a6 /home/thebears/.mchp_packs/Microchip/ATmega_DFP/3.2.269/gcc/dev/atmega328pb/avr5/crtatmega328pb.o

.debug_frame
 *(.debug_frame)

.debug_str      0x00000000      0x318
 *(.debug_str)
 .debug_str     0x00000000      0x318 /home/thebears/.mchp_packs/Microchip/ATmega_DFP/3.2.269/gcc/dev/atmega328pb/avr5/crtatmega328pb.o

.debug_loc
 *(.debug_loc)

.debug_macinfo
 *(.debug_macinfo)

.debug_weaknames
 *(.debug_weaknames)

.debug_funcnames
 *(.debug_funcnames)

.debug_typenames
 *(.debug_typenames)

.debug_varnames
 *(.debug_varnames)

.debug_pubtypes
 *(.debug_pubtypes)

.debug_ranges
 *(.debug_ranges)

.debug_addr
 *(.debug_addr)

.debug_line_str
 *(.debug_line_str)

.debug_loclists
 *(.debug_loclists)

.debug_macro
 *(.debug_macro)

.debug_names
 *(.debug_names)

.debug_rnglists
 *(.debug_rnglists)

.debug_str_offsets
 *(.debug_str_offsets)

.debug_sup
 *(.debug_sup)
OUTPUT(dist/default/production/radio_wheel_counter.X.production.elf elf32-avr)
LOAD linker stubs
